============================= test session starts ==============================
platform linux -- Python 3.12.13, pytest-9.1.1, pluggy-1.6.0 -- /home/jules/.pyenv/versions/3.12.13/bin/python3
cachedir: .pytest_cache
rootdir: /app
plugins: anyio-4.15.1
collecting ... collected 225 items

tests/test_baseline.py::test_run_episode_counts_only_amounts_above_bunker_epsilon PASSED [  0%]
tests/test_baseline.py::test_fixed_fueling_does_not_count_zero_actual_bunker_amount PASSED [  0%]
tests/test_baseline.py::test_run_baselines_records_the_seed_used_for_each_episode PASSED [  1%]
tests/test_baseline.py::test_write_results_includes_seed_and_cost_index_columns PASSED [  1%]
tests/test_baseline.py::test_safe_stock_does_not_bunker_above_threshold PASSED [  2%]
tests/test_baseline.py::test_safe_stock_bunkers_at_threshold PASSED      [  2%]
tests/test_baseline.py::test_safe_stock_bunkers_below_threshold PASSED   [  3%]
tests/test_baseline.py::test_safe_stock_action_is_always_within_action_space PASSED [  3%]
tests/test_baseline.py::test_safe_stock_follows_env_min_safe_fuel_when_changed PASSED [  4%]
tests/test_baseline.py::test_run_baselines_returns_60_rows_for_three_strategies_times_20_episodes PASSED [  4%]
tests/test_baseline.py::test_run_baselines_includes_safe_stock_strategy_name PASSED [  4%]
tests/test_baseline.py::test_run_baselines_20_rows_per_strategy PASSED   [  5%]
tests/test_baseline.py::test_write_results_preserves_schema_with_safe_stock_rows PASSED [  5%]
tests/test_baseline.py::test_run_baselines_end_reason_and_voyage_success_are_consistent PASSED [  6%]
tests/test_baseline.py::test_fixed_fueling_and_price_reactive_regression_unchanged PASSED [  6%]
tests/test_baseline.py::test_safe_stock_20_episode_batch_all_arrive_with_zero_failures PASSED [  7%]
tests/test_baseline.py::test_safe_stock_bunkers_exactly_once_per_episode PASSED [  7%]
tests/test_baseline.py::test_safe_stock_mean_reward_regression_preliminary PASSED [  8%]
tests/test_diagnostic_snapshot.py::test_boundary_is_reclassified_without_rewriting_reward PASSED [  8%]
tests/test_diagnostic_snapshot.py::test_existing_baseline_records_are_accepted[SafeStockStrategy] PASSED [  8%]
tests/test_diagnostic_snapshot.py::test_existing_baseline_records_are_accepted[FixedFuelingStrategy] PASSED [  9%]
tests/test_diagnostic_snapshot.py::test_existing_baseline_records_are_accepted[PriceReactiveStrategy] PASSED [  9%]
tests/test_diagnostic_snapshot.py::test_rejects_altered_record[safety_reward-0.007202] PASSED [ 10%]
tests/test_diagnostic_snapshot.py::test_rejects_altered_record[step_sci-12345] PASSED [ 10%]
tests/test_diagnostic_snapshot.py::test_rejects_altered_record[fuel_after-0.99] PASSED [ 11%]
tests/test_diagnostic_snapshot.py::test_rejects_altered_record[step-999] PASSED [ 11%]
tests/test_diagnostic_snapshot.py::test_rejects_altered_record[reward-nan] PASSED [ 12%]
tests/test_diagnostic_snapshot.py::test_output_protection PASSED         [ 12%]
tests/test_dqn.py::test_qnetwork_forward_output_shape PASSED             [ 12%]
tests/test_dqn.py::test_replay_buffer_sample_shapes PASSED               [ 13%]
tests/test_dqn.py::test_epsilon_greedy_actions_are_valid PASSED          [ 13%]
tests/test_dqn.py::test_dqn_update_returns_finite_loss PASSED            [ 14%]
tests/test_dqn.py::test_dqn_update_bootstraps_after_truncation_but_not_termination PASSED [ 14%]
tests/test_dqn.py::test_greedy_action_does_not_consume_the_global_random_stream PASSED [ 15%]
tests/test_dqn.py::test_checkpoint_round_trip_preserves_every_greedy_action PASSED [ 15%]
tests/test_dqn.py::test_checkpoint_restores_architecture_and_optimizer_settings PASSED [ 16%]
tests/test_dqn.py::test_checkpoint_round_trips_provenance_metadata PASSED [ 16%]
tests/test_dqn.py::test_load_checkpoint_reports_a_missing_file PASSED    [ 16%]
tests/test_dqn.py::test_load_checkpoint_rejects_an_unsupported_format_version PASSED [ 17%]
tests/test_env.py::test_reset_returns_expected_shape_and_dtype PASSED    [ 17%]
tests/test_env.py::test_default_fuel_consumption_preserves_legacy_transition PASSED [ 18%]
tests/test_env.py::test_invalid_fuel_consumption_is_rejected[0.0] PASSED [ 18%]
tests/test_env.py::test_invalid_fuel_consumption_is_rejected[-0.01] PASSED [ 19%]
tests/test_env.py::test_invalid_fuel_consumption_is_rejected[1.01] PASSED [ 19%]
tests/test_env.py::test_invalid_fuel_consumption_is_rejected[nan] PASSED [ 20%]
tests/test_env.py::test_invalid_fuel_consumption_is_rejected[inf] PASSED [ 20%]
tests/test_env.py::test_custom_fuel_consumption_changes_transition_without_observation_shape_change PASSED [ 20%]
tests/test_env.py::test_explicit_legacy_consumption_matches_default_trajectory PASSED [ 21%]
tests/test_env.py::test_invalid_action_raises_assertion_error PASSED     [ 21%]
tests/test_env.py::test_in_progress_info_has_empty_end_reason_and_false_success PASSED [ 22%]
tests/test_env.py::test_fuel_depleted_terminates_as_failure PASSED       [ 22%]
tests/test_env.py::test_arrival_terminates_as_success PASSED             [ 23%]
tests/test_env.py::test_fractional_route_completion_uses_tolerance PASSED [ 23%]
tests/test_env.py::test_fuel_depletion_takes_precedence_over_arrival PASSED [ 24%]
tests/test_env.py::test_no_bunkering_has_zero_amount_and_cost_index PASSED [ 24%]
tests/test_env.py::test_requested_bunker_amount_is_capped_by_available_capacity PASSED [ 24%]
tests/test_env.py::test_bunkering_at_full_post_consumption_tank_has_zero_actual_amount PASSED [ 25%]
tests/test_env.py::test_zero_actual_bunker_amount_has_zero_price_advantage_reward PASSED [ 25%]
tests/test_env.py::test_reward_uses_decision_time_price_and_moving_average PASSED [ 26%]
tests/test_env.py::test_step_cost_index_matches_decision_snapshot_formula PASSED [ 26%]
tests/test_env.py::test_cumulative_cost_index_is_exact_running_sum PASSED [ 27%]
tests/test_env.py::test_reset_clears_cumulative_cost_index PASSED        [ 27%]
tests/test_env.py::test_reset_reinitializes_decision_snapshot_for_new_episode PASSED [ 28%]
tests/test_env.py::test_cost_and_bunker_amount_are_finite_and_nonnegative PASSED [ 28%]
tests/test_env.py::test_price_advantage_reward_respects_bunker_amount_epsilon[1e-06-0.0] PASSED [ 28%]
tests/test_env.py::test_price_advantage_reward_respects_bunker_amount_epsilon[1.0099999999999999e-06-0.2] PASSED [ 29%]
tests/test_evaluate.py::test_plan_gives_every_policy_the_same_seed_and_episode_cases PASSED [ 29%]
tests/test_evaluate.py::test_plan_rejects_non_positive_episode_count PASSED [ 30%]
tests/test_evaluate.py::test_plan_rejects_policies_that_are_not_unique PASSED [ 30%]
tests/test_evaluate.py::test_run_episode_produces_a_contract_valid_record PASSED [ 31%]
tests/test_evaluate.py::test_run_episode_is_deterministic_for_a_repeated_seed PASSED [ 31%]
tests/test_evaluate.py::test_run_evaluation_runs_exactly_the_planned_cases PASSED [ 32%]
tests/test_evaluate.py::test_run_evaluation_refuses_a_policy_without_a_runner PASSED [ 32%]
tests/test_evaluate.py::test_results_csv_matches_the_contract_columns_and_strict_bool_format PASSED [ 32%]
tests/test_evaluate.py::test_manifest_round_trips_into_a_valid_fair_plan PASSED [ 33%]
tests/test_evaluate.py::test_csv_and_manifest_describe_the_same_cases PASSED [ 33%]
tests/test_evaluate.py::test_per_policy_csv_splits_results_without_losing_rows PASSED [ 34%]
tests/test_evaluate.py::test_termination_counts_include_reasons_that_never_occurred PASSED [ 34%]
tests/test_evaluate.py::test_summary_csv_reports_mean_std_and_termination_breakdown PASSED [ 35%]
tests/test_evaluate.py::test_termination_csv_rows_sum_to_the_episode_count PASSED [ 35%]
tests/test_evaluate.py::test_comparison_figure_is_written PASSED         [ 36%]
tests/test_evaluate.py::test_load_dqn_policy_reports_a_missing_checkpoint PASSED [ 36%]
tests/test_evaluate.py::test_load_dqn_policy_rejects_a_checkpoint_shaped_for_another_environment PASSED [ 36%]
tests/test_evaluate.py::test_dqn_policy_is_greedy_and_independent_of_global_rng PASSED [ 37%]
tests/test_evaluate.py::test_main_writes_every_official_artifact PASSED  [ 37%]
tests/test_evaluate.py::test_main_reruns_reproduce_identical_records PASSED [ 38%]
tests/test_evaluate.py::test_checkpoint_archive_names_a_retrievable_location PASSED [ 38%]
tests/test_evaluate.py::test_committed_manifest_records_the_same_archive_location PASSED [ 39%]
tests/test_evaluate.py::test_committed_manifest_evaluates_one_training_seed_over_many_eval_seeds PASSED [ 39%]
tests/test_evaluation_contract.py::test_episode_result_exports_required_schema PASSED [ 40%]
tests/test_evaluation_contract.py::test_episode_result_rejects_invalid_values[overrides0-policy] PASSED [ 40%]
tests/test_evaluation_contract.py::test_episode_result_rejects_invalid_values[overrides1-seed] PASSED [ 40%]
tests/test_evaluation_contract.py::test_episode_result_rejects_invalid_values[overrides2-episode] PASSED [ 41%]
tests/test_evaluation_contract.py::test_episode_result_rejects_invalid_values[overrides3-reward] PASSED [ 41%]
tests/test_evaluation_contract.py::test_episode_result_rejects_invalid_values[overrides4-synthetic_cost_index] PASSED [ 42%]
tests/test_evaluation_contract.py::test_episode_result_rejects_invalid_values[overrides5-nonnegative] PASSED [ 42%]
tests/test_evaluation_contract.py::test_episode_result_rejects_invalid_values[overrides6-bunkering_count] PASSED [ 43%]
tests/test_evaluation_contract.py::test_episode_result_rejects_invalid_values[overrides7-booleans] PASSED [ 43%]
tests/test_evaluation_contract.py::test_episode_result_rejects_invalid_values[overrides8-termination_reason] PASSED [ 44%]
tests/test_evaluation_contract.py::test_episode_result_rejects_inconsistent_termination_flags[overrides0] PASSED [ 44%]
tests/test_evaluation_contract.py::test_episode_result_rejects_inconsistent_termination_flags[overrides1] PASSED [ 44%]
tests/test_evaluation_contract.py::test_episode_result_rejects_inconsistent_termination_flags[overrides2] PASSED [ 45%]
tests/test_evaluation_contract.py::test_episode_result_rejects_inconsistent_termination_flags[overrides3] PASSED [ 45%]
tests/test_evaluation_contract.py::test_all_supported_termination_reasons_accept_consistent_flags PASSED [ 46%]
tests/test_evaluation_contract.py::test_aggregate_results_calculates_population_mean_and_standard_deviation PASSED [ 46%]
tests/test_evaluation_contract.py::test_aggregate_results_keeps_policies_separate_and_sorted PASSED [ 47%]
tests/test_evaluation_contract.py::test_aggregate_results_rejects_missing_results_instead_of_fabricating_output PASSED [ 47%]
tests/test_evaluation_contract.py::test_fairness_accepts_identical_seed_episode_and_environment_config PASSED [ 48%]
tests/test_evaluation_contract.py::test_fairness_rejects_policy_with_different_run_conditions[seed] PASSED [ 48%]
tests/test_evaluation_contract.py::test_fairness_rejects_policy_with_different_run_conditions[episode] PASSED [ 48%]
tests/test_evaluation_contract.py::test_fairness_rejects_policy_with_different_run_conditions[env_config] PASSED [ 49%]
tests/test_evaluation_contract.py::test_fairness_rejects_missing_policy_and_duplicate_case PASSED [ 49%]
tests/test_multiseed_aggregate.py::test_collect_and_aggregate_training_seeds PASSED [ 50%]
tests/test_multiseed_aggregate.py::test_collect_rejects_checkpoint_mismatch PASSED [ 50%]
tests/test_multiseed_aggregate.py::test_collect_and_aggregate_tail_risk PASSED [ 51%]
tests/test_multiseed_aggregate.py::test_route_effects_are_paired_by_training_seed PASSED [ 51%]
tests/test_multiseed_aggregate.py::test_route_effects_require_normal_stress_pair PASSED [ 52%]
tests/test_multiseed_aggregate.py::test_collect_tail_risk_accepts_legacy_snake_case_cost_column PASSED [ 52%]
tests/test_paper_audit.py::test_paper_claim_validation PASSED            [ 52%]
tests/test_paper_audit.py::test_paper_claim_rejects_invalid_inputs[overrides0-claim_id] PASSED [ 53%]
tests/test_paper_audit.py::test_paper_claim_rejects_invalid_inputs[overrides1-paper_reference] PASSED [ 53%]
tests/test_paper_audit.py::test_paper_claim_rejects_invalid_inputs[overrides2-metric_name] PASSED [ 54%]
tests/test_paper_audit.py::test_paper_claim_rejects_invalid_inputs[overrides3-status] PASSED [ 54%]
tests/test_paper_audit.py::test_audit_paper_claims_aggregation PASSED    [ 55%]
tests/test_paper_audit.py::test_audit_paper_claims_rejects_empty_sequence PASSED [ 55%]
tests/test_paper_audit.py::test_verify_canonical_evidence_passes_on_repo_with_official_results PASSED [ 56%]
tests/test_paper_audit.py::test_audit_cli_main_returns_exit_code_0_with_official_results PASSED [ 56%]
tests/test_paper_audit.py::test_export_audit_artifacts PASSED            [ 56%]
tests/test_paper_audit.py::test_audit_cli_main_missing_evidence_returns_exit_code_1 PASSED [ 57%]
tests/test_paper_audit.py::test_audit_cli_main_clean_checkout_with_eval_csv_returns_exit_code_0 PASSED [ 57%]
tests/test_paper_audit.py::test_audit_cli_tamper_upa_metrics_csv_fails PASSED [ 58%]
tests/test_paper_audit.py::test_audit_cli_tamper_safe_stock_status_fails PASSED [ 58%]
tests/test_paper_audit.py::test_audit_cli_ungrounded_dqn_superiority_claim_fails PASSED [ 59%]
tests/test_paper_audit.py::test_audit_cli_invalid_evaluation_csv_row_schema_fails PASSED [ 59%]
tests/test_paper_audit.py::test_audit_cli_invalid_boolean_string_fails[invalid] PASSED [ 60%]
tests/test_paper_audit.py::test_audit_cli_invalid_boolean_string_fails[0] PASSED [ 60%]
tests/test_paper_audit.py::test_audit_cli_invalid_boolean_string_fails[1] PASSED [ 60%]
tests/test_paper_audit.py::test_audit_cli_invalid_boolean_string_fails[yes] PASSED [ 61%]
tests/test_paper_audit.py::test_audit_cli_invalid_boolean_string_fails[no] PASSED [ 61%]
tests/test_paper_audit.py::test_audit_cli_empty_evaluation_csv_fails PASSED [ 62%]
tests/test_paper_audit.py::test_audit_cli_evaluation_csv_present_but_manifest_missing_is_missing_evidence PASSED [ 62%]
tests/test_paper_audit.py::test_audit_cli_evaluation_csv_and_manifest_case_mismatch_fails PASSED [ 63%]
tests/test_paper_audit.py::test_official_evaluation_state_reads_the_committed_artifacts PASSED [ 63%]
tests/test_paper_audit.py::test_claim006_passes_after_the_official_evaluation PASSED [ 64%]
tests/test_paper_audit.py::test_readme_no_longer_declares_the_comparison_as_pending PASSED [ 64%]
tests/test_paper_audit.py::test_claim006_fails_when_readme_claims_a_comparison_without_artifacts PASSED [ 64%]
tests/test_paper_audit.py::test_claim006_passes_in_the_pre_evaluation_state_with_a_pending_statement PASSED [ 65%]
tests/test_paper_audit.py::test_claim006_fails_when_the_pre_evaluation_state_declares_nothing PASSED [ 65%]
tests/test_paper_audit.py::test_claim006_fails_when_a_stale_pending_statement_survives_the_evaluation PASSED [ 66%]
tests/test_paper_audit.py::test_claim006_reports_missing_evidence_when_csv_and_manifest_disagree PASSED [ 66%]
tests/test_paper_audit.py::test_claim006_treats_artifacts_without_dqn_records_as_no_comparison PASSED [ 67%]
tests/test_paper_audit.py::test_superiority_detector_separates_assertions_from_disclaimers[DQN\uc774 Rule-based\ubcf4\ub2e4 \uc6b0\uc218\ud558\uba70 \ub6f0\uc5b4\ub09c \uc131\ub2a5\uc744 \ubcf4\uc778\ub2e4.-True] PASSED [ 67%]
tests/test_paper_audit.py::test_superiority_detector_separates_assertions_from_disclaimers[DQN\uc774 \ubca0\uc774\uc2a4\ub77c\uc778\ubcf4\ub2e4 \uc6b0\uc218\ud558\ub2e4.-True] PASSED [ 68%]
tests/test_paper_audit.py::test_superiority_detector_separates_assertions_from_disclaimers[\uc2e4\ud5d8\uc5d0\uc11c DQN \uc6b0\uc218\uc131\uc774 \ud655\uc778\ub410\ub2e4.-True] PASSED [ 68%]
tests/test_paper_audit.py::test_superiority_detector_separates_assertions_from_disclaimers[| \uac15\ud654\ud559\uc2b5 \uad6c\ud604 | DQN\uc774 Rule-based\ubcf4\ub2e4 \uc6b0\uc218\ud558\ub2e4\ub294 \uc8fc\uc7a5 |-False] PASSED [ 68%]
tests/test_paper_audit.py::test_superiority_detector_separates_assertions_from_disclaimers[DQN \uc6b0\uc218\uc131\uc744 \uc8fc\uc7a5\ud558\uc9c0 \uc54a\ub294\ub2e4.-False] PASSED [ 69%]
tests/test_paper_audit.py::test_superiority_detector_separates_assertions_from_disclaimers[DQN\uc774 Rule-based\ubcf4\ub2e4 \uc6b0\uc218\ud558\ub2e4\ub294 \uc11c\uc220\uc740 \ud558\uc9c0 \uc54a\ub294\ub2e4.-False] PASSED [ 69%]
tests/test_paper_audit.py::test_claim006_fails_on_an_asserted_superiority_claim_even_with_artifacts PASSED [ 70%]
tests/test_paper_audit.py::test_claim006_ignores_the_role_alignment_disclaimer_row PASSED [ 70%]
tests/test_paper_audit.py::test_claim004_reports_termination_reasons_in_a_stable_order PASSED [ 71%]
tests/test_reward_diagnostics.py::test_fixed_departure_has_no_effective_purchase PASSED [ 71%]
tests/test_reward_diagnostics.py::test_safe_accounting_and_reward_reconcile PASSED [ 72%]
tests/test_reward_diagnostics.py::test_repeatability PASSED              [ 72%]
tests/test_reward_diagnostics.py::test_clipping_loss_is_explicit PASSED  [ 72%]
tests/test_reward_diagnostics.py::test_does_not_overwrite PASSED         [ 73%]
tests/test_reward_diagnostics.py::test_cli_rule_only PASSED              [ 73%]
tests/test_reward_diagnostics.py::test_frozen_weights PASSED             [ 74%]
tests/test_reward_diagnostics.py::test_official_runner_parity_and_clipping[0.045-fixed] PASSED [ 74%]
tests/test_reward_diagnostics.py::test_official_runner_parity_and_clipping[0.045-price] PASSED [ 75%]
tests/test_reward_diagnostics.py::test_official_runner_parity_and_clipping[0.045-safe] PASSED [ 75%]
tests/test_reward_diagnostics.py::test_official_runner_parity_and_clipping[0.045-dqn] PASSED [ 76%]
tests/test_reward_diagnostics.py::test_official_runner_parity_and_clipping[0.05-fixed] PASSED [ 76%]
tests/test_reward_diagnostics.py::test_official_runner_parity_and_clipping[0.05-price] PASSED [ 76%]
tests/test_reward_diagnostics.py::test_official_runner_parity_and_clipping[0.05-safe] PASSED [ 77%]
tests/test_reward_diagnostics.py::test_official_runner_parity_and_clipping[0.05-dqn] PASSED [ 77%]
tests/test_reward_diagnostics.py::test_official_runner_parity_and_clipping[0.055-fixed] PASSED [ 78%]
tests/test_reward_diagnostics.py::test_official_runner_parity_and_clipping[0.055-price] PASSED [ 78%]
tests/test_reward_diagnostics.py::test_official_runner_parity_and_clipping[0.055-safe] PASSED [ 79%]
tests/test_reward_diagnostics.py::test_official_runner_parity_and_clipping[0.055-dqn] PASSED [ 79%]
tests/test_reward_diagnostics.py::test_official_runner_parity_and_clipping[0.06-fixed] PASSED [ 80%]
tests/test_reward_diagnostics.py::test_official_runner_parity_and_clipping[0.06-price] PASSED [ 80%]
tests/test_reward_diagnostics.py::test_official_runner_parity_and_clipping[0.06-safe] PASSED [ 80%]
tests/test_reward_diagnostics.py::test_official_runner_parity_and_clipping[0.06-dqn] PASSED [ 81%]
tests/test_reward_diagnostics_summary.py::test_deduplicates_rules_and_keeps_model_units PASSED [ 81%]
tests/test_reward_diagnostics_summary.py::test_rejects_invalid_bundles[checkpoint] PASSED [ 82%]
tests/test_reward_diagnostics_summary.py::test_rejects_invalid_bundles[contract] PASSED [ 82%]
tests/test_reward_diagnostics_summary.py::test_rejects_invalid_bundles[missing] PASSED [ 83%]
tests/test_reward_diagnostics_summary.py::test_rejects_invalid_bundles[accounting] PASSED [ 83%]
tests/test_reward_diagnostics_summary.py::test_rejects_invalid_bundles[nan] PASSED [ 84%]
tests/test_route_stress.py::test_parser_normalizes_valid_ons_contract PASSED [ 84%]
tests/test_route_stress.py::test_parser_ignores_official_download_footnote_rows PASSED [ 84%]
tests/test_route_stress.py::test_parser_rejects_invalid_counts[-1] PASSED [ 85%]
tests/test_route_stress.py::test_parser_rejects_invalid_counts[None] PASSED [ 85%]
tests/test_route_stress.py::test_contraction_does_not_imply_route_closure_or_costs PASSED [ 86%]
tests/test_route_stress.py::test_adapter_does_not_change_canonical_env_contract PASSED [ 86%]
tests/test_route_stress.py::test_negative_assumption_is_rejected PASSED  [ 87%]
tests/test_route_stress.py::test_baseline_uses_only_prior_weeks PASSED   [ 87%]
tests/test_route_stress.py::test_baseline_rejects_zero_history_window PASSED [ 88%]
tests/test_route_stress.py::test_sha_verifier_fails_closed_on_changed_content PASSED [ 88%]
tests/test_route_stress_frozen_dqn.py::test_frozen_dqn_rejects_empty_seed_set PASSED [ 88%]
tests/test_route_stress_frozen_dqn.py::test_frozen_dqn_evaluates_one_policy_across_all_scenarios PASSED [ 89%]
tests/test_route_stress_frozen_dqn.py::test_frozen_dqn_normal_and_observation_only_rows_match PASSED [ 89%]
tests/test_route_stress_frozen_dqn.py::test_frozen_dqn_evaluation_does_not_update_weights PASSED [ 90%]
tests/test_route_stress_impact.py::test_sca_representative_route_scales_30_steps_to_43 PASSED [ 90%]
tests/test_route_stress_impact.py::test_hormuz_observation_does_not_fabricate_detour_effect PASSED [ 91%]
tests/test_route_stress_impact.py::test_observation_only_assumption_cannot_change_distance PASSED [ 91%]
tests/test_route_stress_impact.py::test_normal_and_hormuz_rows_match_for_same_seed_and_policy PASSED [ 92%]
tests/test_route_stress_impact.py::test_summary_normalizes_cumulative_metrics_by_realized_steps PASSED [ 92%]
tests/test_rulebased_robustness.py::test_raw_covers_every_policy_and_seed_exactly_once PASSED [ 92%]
tests/test_rulebased_robustness.py::test_manifest_case_set_matches_raw_rows PASSED [ 93%]
tests/test_rulebased_robustness.py::test_summary_is_recomputable_from_raw PASSED [ 93%]
tests/test_rulebased_robustness.py::test_overlapping_seeds_match_official_evaluation_exactly PASSED [ 94%]
tests/test_rulebased_robustness.py::test_stability_windows_are_cumulative_prefixes_of_the_same_run PASSED [ 94%]
tests/test_train.py::test_train_stores_truncation_as_non_terminal_for_bootstrap PASSED [ 95%]
tests/test_upa_public_data.py::test_upa_public_data_schema_and_record_count PASSED [ 95%]
tests/test_upa_public_data.py::test_upa_public_data_reference_metrics PASSED [ 96%]
tests/test_v1_5_aggregate.py::test_collect_and_aggregate_v1_5_training_seeds PASSED [ 96%]
tests/test_v1_5_aggregate.py::test_collect_rejects_contract_drift PASSED [ 96%]
tests/test_v1_5_aggregate.py::test_rule_based_repetitions_are_not_counted_as_training_seeds PASSED [ 97%]
tests/test_v1_5_aggregate.py::test_rule_based_repetition_drift_is_rejected PASSED [ 97%]
tests/test_v1_5_robustness.py::test_scenarios_cover_consumption_and_local_horizon_sensitivity PASSED [ 98%]
tests/test_v1_5_robustness.py::test_run_evaluation_uses_same_cases_for_each_policy PASSED [ 98%]
tests/test_v1_5_robustness.py::test_run_evaluation_keeps_dqn_weights_frozen PASSED [ 99%]
tests/test_v1_5_robustness.py::test_summary_reports_empirical_five_percent_tails PASSED [ 99%]
tests/test_v1_5_robustness.py::test_paired_effects_use_family_reference_per_policy PASSED [100%]

============================= 225 passed in 34.93s =============================
PYTEST_EXIT_CODE: 0
Paper Evidence Audit complete:
  Total claims: 8
  Passed: 8
  Provisional: 0
  Missing evidence: 0
  Failed: 0
  CSV summary saved to: results/paper_audit/paper_evidence_summary.csv
  JSON report saved to: results/paper_audit/paper_evidence_report.json
AUDIT_EXIT_CODE: 0
